2026-04-03 21:39:41.468 | INFO  | [background-preinit] | o.h.validator.internal.util.Version.<clinit> | HV000001: Hibernate Validator 8.0.3.Final
2026-04-03 21:39:41.592 | INFO  | [main] | c.example.backend.BackendApplication.logStarting | Starting BackendApplication using Java 17.0.12 with PID 6892 (C:\Users\inam\Desktop\Real github project\contact-management-system-Description-\Backend\target\classes started by inam in C:\Users\inam\Desktop\Real github project\contact-management-system-Description-\Backend)
2026-04-03 21:39:41.593 | DEBUG | [main] | c.example.backend.BackendApplication.logStarting | Running with Spring Boot v3.5.9, Spring v6.2.15
2026-04-03 21:39:41.594 | INFO  | [main] | c.example.backend.BackendApplication.logStartupProfileInfo | No active profile set, falling back to 1 default profile: "default"
2026-04-03 21:39:43.348 | INFO  | [main] | o.s.d.r.c.RepositoryConfigurationDelegate.registerRepositoriesIn | Bootstrapping Spring Data JPA repositories in DEFAULT mode.
2026-04-03 21:39:43.525 | INFO  | [main] | o.s.d.r.c.RepositoryConfigurationDelegate.registerRepositoriesIn | Finished Spring Data repository scanning in 163 ms. Found 8 JPA repository interfaces.
2026-04-03 21:39:44.565 | INFO  | [main] | o.s.b.w.e.tomcat.TomcatWebServer.initialize | Tomcat initialized with port 8082 (http)
2026-04-03 21:39:44.580 | INFO  | [main] | o.a.coyote.http11.Http11NioProtocol.log | Initializing ProtocolHandler ["http-nio-0.0.0.0-8082"]
2026-04-03 21:39:44.583 | INFO  | [main] | o.a.catalina.core.StandardService.log | Starting service [Tomcat]
2026-04-03 21:39:44.583 | INFO  | [main] | o.a.catalina.core.StandardEngine.log | Starting Servlet engine: [Apache Tomcat/10.1.50]
2026-04-03 21:39:44.674 | INFO  | [main] | o.a.c.c.C.[Tomcat].[localhost].[/].log | Initializing Spring embedded WebApplicationContext
2026-04-03 21:39:44.674 | INFO  | [main] | o.s.b.w.s.c.ServletWebServerApplicationContext.prepareWebApplicationContext | Root WebApplicationContext: initialization completed in 2963 ms
2026-04-03 21:39:44.765 | DEBUG | [main] | com.example.backend.util.JWTFilter.init | Filter 'JWTFilter' configured for use
2026-04-03 21:39:45.138 | INFO  | [main] | o.h.jpa.internal.util.LogHelper.logPersistenceUnitInformation | HHH000204: Processing PersistenceUnitInfo [name: default]
2026-04-03 21:39:45.241 | INFO  | [main] | org.hibernate.Version.logVersion | HHH000412: Hibernate ORM core version 6.6.39.Final
2026-04-03 21:39:45.389 | INFO  | [main] | o.h.c.i.RegionFactoryInitiator.initiateService | HHH000026: Second-level cache disabled
2026-04-03 21:39:45.841 | INFO  | [main] | o.s.o.j.p.SpringPersistenceUnitInfo.addTransformer | No LoadTimeWeaver setup: ignoring JPA class transformer
2026-04-03 21:39:45.885 | INFO  | [main] | com.zaxxer.hikari.HikariDataSource.getConnection | HikariPool-1 - Starting...
2026-04-03 21:39:46.193 | INFO  | [main] | com.zaxxer.hikari.pool.HikariPool.checkFailFast | HikariPool-1 - Added connection org.postgresql.jdbc.PgConnection@349f3ff7
2026-04-03 21:39:46.195 | INFO  | [main] | com.zaxxer.hikari.HikariDataSource.getConnection | HikariPool-1 - Start completed.
2026-04-03 21:39:46.307 | INFO  | [main] | o.hibernate.orm.connections.pooling.logConnectionInfo | HHH10001005: Database info:
	Database JDBC URL [Connecting through datasource 'HikariDataSource (HikariPool-1)']
	Database driver: undefined/unknown
	Database version: 17.6
	Autocommit mode: undefined/unknown
	Isolation level: undefined/unknown
	Minimum pool size: undefined/unknown
	Maximum pool size: undefined/unknown
2026-04-03 21:39:49.673 | INFO  | [main] | o.h.e.t.j.p.i.JtaPlatformInitiator.initiateService | HHH000489: No JTA platform available (set 'hibernate.transaction.jta.platform' to enable JTA platform integration)
2026-04-03 21:39:50.031 | INFO  | [main] | o.s.o.j.LocalContainerEntityManagerFactoryBean.buildNativeEntityManagerFactory | Initialized JPA EntityManagerFactory for persistence unit 'default'
2026-04-03 21:39:51.091 | INFO  | [main] | o.s.d.j.r.query.QueryEnhancerFactory.<clinit> | Hibernate is in classpath; If applicable, HQL parser will be used.
2026-04-03 21:39:52.703 | WARN  | [main] | o.s.b.a.o.j.JpaBaseConfiguration$JpaWebConfiguration.openEntityManagerInViewInterceptor | spring.jpa.open-in-view is enabled by default. Therefore, database queries may be performed during view rendering. Explicitly configure spring.jpa.open-in-view to disable this warning
2026-04-03 21:39:52.984 | INFO  | [main] | o.s.s.c.a.a.c.InitializeAuthenticationProviderBeanManagerConfigurer$InitializeAuthenticationProviderManagerConfigurer.configure | Global AuthenticationManager configured with AuthenticationProvider bean with name authenticationProvider
2026-04-03 21:39:52.985 | WARN  | [main] | o.s.s.c.a.a.c.InitializeUserDetailsBeanManagerConfigurer$InitializeUserDetailsManagerConfigurer.configure | Global AuthenticationManager configured with an AuthenticationProvider bean. UserDetailsService beans will not be used by Spring Security for automatically configuring username/password login. Consider removing the AuthenticationProvider bean. Alternatively, consider using the UserDetailsService in a manually instantiated DaoAuthenticationProvider. If the current configuration is intentional, to turn off this warning, increase the logging level of 'org.springframework.security.config.annotation.authentication.configuration.InitializeUserDetailsBeanManagerConfigurer' to ERROR
2026-04-03 21:39:53.405 | INFO  | [main] | o.a.coyote.http11.Http11NioProtocol.log | Starting ProtocolHandler ["http-nio-0.0.0.0-8082"]
2026-04-03 21:39:53.443 | INFO  | [main] | o.s.b.w.e.tomcat.TomcatWebServer.start | Tomcat started on port 8082 (http) with context path '/'
2026-04-03 21:39:53.454 | INFO  | [main] | c.example.backend.BackendApplication.logStarted | Started BackendApplication in 12.898 seconds (process running for 13.582)
2026-04-03 21:39:53.600 | DEBUG | [main] | org.hibernate.SQL.logStatement | 
    select
        r1_0.id,
        r1_0.role_name 
    from
        roles r1_0
2026-04-03 21:56:32.705 | INFO  | [SpringApplicationShutdownHook] | o.s.b.w.e.tomcat.GracefulShutdown.shutDownGracefully | Commencing graceful shutdown. Waiting for active requests to complete
2026-04-03 21:56:33.550 | INFO  | [tomcat-shutdown] | o.s.b.w.e.tomcat.GracefulShutdown.doShutdown | Graceful shutdown complete
2026-04-03 21:56:33.562 | INFO  | [SpringApplicationShutdownHook] | o.s.o.j.LocalContainerEntityManagerFactoryBean.destroy | Closing JPA EntityManagerFactory for persistence unit 'default'
2026-04-03 21:56:33.579 | INFO  | [SpringApplicationShutdownHook] | com.zaxxer.hikari.HikariDataSource.close | HikariPool-1 - Shutdown initiated...
2026-04-03 21:56:33.597 | INFO  | [SpringApplicationShutdownHook] | com.zaxxer.hikari.HikariDataSource.close | HikariPool-1 - Shutdown completed.
