2026-04-04 11:29:55.034 | INFO  | [background-preinit] | o.h.validator.internal.util.Version.<clinit> | HV000001: Hibernate Validator 8.0.3.Final
2026-04-04 11:29:55.341 | INFO  | [main] | c.example.backend.BackendApplication.logStarting | Starting BackendApplication using Java 17.0.12 with PID 15636 (C:\Users\inam\Desktop\Real github project\contact-management-system-Description-\Backend\target\classes started by inam in C:\Users\inam\Desktop\Real github project\contact-management-system-Description-\Backend)
2026-04-04 11:29:55.342 | DEBUG | [main] | c.example.backend.BackendApplication.logStarting | Running with Spring Boot v3.5.9, Spring v6.2.15
2026-04-04 11:29:55.345 | INFO  | [main] | c.example.backend.BackendApplication.logStartupProfileInfo | No active profile set, falling back to 1 default profile: "default"
2026-04-04 11:29:57.890 | INFO  | [main] | o.s.d.r.c.RepositoryConfigurationDelegate.registerRepositoriesIn | Bootstrapping Spring Data JPA repositories in DEFAULT mode.
2026-04-04 11:29:58.179 | INFO  | [main] | o.s.d.r.c.RepositoryConfigurationDelegate.registerRepositoriesIn | Finished Spring Data repository scanning in 265 ms. Found 8 JPA repository interfaces.
2026-04-04 11:30:00.404 | INFO  | [main] | o.s.b.w.e.tomcat.TomcatWebServer.initialize | Tomcat initialized with port 8082 (http)
2026-04-04 11:30:00.420 | INFO  | [main] | o.a.coyote.http11.Http11NioProtocol.log | Initializing ProtocolHandler ["http-nio-0.0.0.0-8082"]
2026-04-04 11:30:00.422 | INFO  | [main] | o.a.catalina.core.StandardService.log | Starting service [Tomcat]
2026-04-04 11:30:00.424 | INFO  | [main] | o.a.catalina.core.StandardEngine.log | Starting Servlet engine: [Apache Tomcat/10.1.50]
2026-04-04 11:30:00.629 | INFO  | [main] | o.a.c.c.C.[Tomcat].[localhost].[/].log | Initializing Spring embedded WebApplicationContext
2026-04-04 11:30:00.630 | INFO  | [main] | o.s.b.w.s.c.ServletWebServerApplicationContext.prepareWebApplicationContext | Root WebApplicationContext: initialization completed in 5143 ms
2026-04-04 11:30:00.768 | DEBUG | [main] | com.example.backend.util.JWTFilter.init | Filter 'JWTFilter' configured for use
2026-04-04 11:30:00.974 | INFO  | [main] | o.h.jpa.internal.util.LogHelper.logPersistenceUnitInformation | HHH000204: Processing PersistenceUnitInfo [name: default]
2026-04-04 11:30:01.090 | INFO  | [main] | org.hibernate.Version.logVersion | HHH000412: Hibernate ORM core version 6.6.39.Final
2026-04-04 11:30:01.143 | INFO  | [main] | o.h.c.i.RegionFactoryInitiator.initiateService | HHH000026: Second-level cache disabled
2026-04-04 11:30:01.593 | INFO  | [main] | o.s.o.j.p.SpringPersistenceUnitInfo.addTransformer | No LoadTimeWeaver setup: ignoring JPA class transformer
2026-04-04 11:30:01.641 | INFO  | [main] | com.zaxxer.hikari.HikariDataSource.getConnection | HikariPool-1 - Starting...
2026-04-04 11:30:02.489 | INFO  | [main] | com.zaxxer.hikari.pool.HikariPool.checkFailFast | HikariPool-1 - Added connection org.postgresql.jdbc.PgConnection@308a9264
2026-04-04 11:30:02.491 | INFO  | [main] | com.zaxxer.hikari.HikariDataSource.getConnection | HikariPool-1 - Start completed.
2026-04-04 11:30:02.619 | INFO  | [main] | o.hibernate.orm.connections.pooling.logConnectionInfo | HHH10001005: Database info:
	Database JDBC URL [Connecting through datasource 'HikariDataSource (HikariPool-1)']
	Database driver: undefined/unknown
	Database version: 17.6
	Autocommit mode: undefined/unknown
	Isolation level: undefined/unknown
	Minimum pool size: undefined/unknown
	Maximum pool size: undefined/unknown
2026-04-04 11:30:05.008 | INFO  | [main] | o.h.e.t.j.p.i.JtaPlatformInitiator.initiateService | HHH000489: No JTA platform available (set 'hibernate.transaction.jta.platform' to enable JTA platform integration)
2026-04-04 11:30:05.291 | INFO  | [main] | o.s.o.j.LocalContainerEntityManagerFactoryBean.buildNativeEntityManagerFactory | Initialized JPA EntityManagerFactory for persistence unit 'default'
2026-04-04 11:30:06.127 | INFO  | [main] | o.s.d.j.r.query.QueryEnhancerFactory.<clinit> | Hibernate is in classpath; If applicable, HQL parser will be used.
2026-04-04 11:30:07.889 | WARN  | [main] | o.s.b.a.o.j.JpaBaseConfiguration$JpaWebConfiguration.openEntityManagerInViewInterceptor | spring.jpa.open-in-view is enabled by default. Therefore, database queries may be performed during view rendering. Explicitly configure spring.jpa.open-in-view to disable this warning
2026-04-04 11:30:08.210 | INFO  | [main] | o.s.s.c.a.a.c.InitializeAuthenticationProviderBeanManagerConfigurer$InitializeAuthenticationProviderManagerConfigurer.configure | Global AuthenticationManager configured with AuthenticationProvider bean with name authenticationProvider
2026-04-04 11:30:08.212 | WARN  | [main] | o.s.s.c.a.a.c.InitializeUserDetailsBeanManagerConfigurer$InitializeUserDetailsManagerConfigurer.configure | Global AuthenticationManager configured with an AuthenticationProvider bean. UserDetailsService beans will not be used by Spring Security for automatically configuring username/password login. Consider removing the AuthenticationProvider bean. Alternatively, consider using the UserDetailsService in a manually instantiated DaoAuthenticationProvider. If the current configuration is intentional, to turn off this warning, increase the logging level of 'org.springframework.security.config.annotation.authentication.configuration.InitializeUserDetailsBeanManagerConfigurer' to ERROR
2026-04-04 11:30:08.724 | INFO  | [main] | o.a.coyote.http11.Http11NioProtocol.log | Starting ProtocolHandler ["http-nio-0.0.0.0-8082"]
2026-04-04 11:30:08.760 | INFO  | [main] | o.s.b.w.e.tomcat.TomcatWebServer.start | Tomcat started on port 8082 (http) with context path '/'
2026-04-04 11:30:08.771 | INFO  | [main] | c.example.backend.BackendApplication.logStarted | Started BackendApplication in 14.798 seconds (process running for 15.457)
2026-04-04 11:30:08.882 | DEBUG | [main] | org.hibernate.SQL.logStatement | 
    select
        r1_0.id,
        r1_0.role_name 
    from
        roles r1_0
2026-04-04 11:30:41.132 | INFO  | [http-nio-0.0.0.0-8082-exec-1] | o.a.c.c.C.[Tomcat].[localhost].[/].log | Initializing Spring DispatcherServlet 'dispatcherServlet'
2026-04-04 11:30:41.132 | INFO  | [http-nio-0.0.0.0-8082-exec-1] | o.s.web.servlet.DispatcherServlet.initServletBean | Initializing Servlet 'dispatcherServlet'
2026-04-04 11:30:41.133 | INFO  | [http-nio-0.0.0.0-8082-exec-1] | o.s.web.servlet.DispatcherServlet.initServletBean | Completed initialization in 1 ms
2026-04-04 11:30:41.414 | DEBUG | [http-nio-0.0.0.0-8082-exec-2] | org.hibernate.SQL.logStatement | 
    select
        u1_0.id,
        u1_0.is_deleted,
        u1_0.email,
        u1_0.last_login,
        u1_0.name,
        u1_0.password,
        u1_0.refresh_token,
        u1_0.role_id 
    from
        users u1_0 
    where
        upper(u1_0.email)=upper(?)
2026-04-04 11:30:41.437 | DEBUG | [http-nio-0.0.0.0-8082-exec-2] | org.hibernate.SQL.logStatement | 
    select
        r1_0.id,
        r1_0.role_name 
    from
        roles r1_0 
    where
        r1_0.id=?
2026-04-04 11:30:44.793 | DEBUG | [http-nio-0.0.0.0-8082-exec-3] | org.hibernate.SQL.logStatement | 
    select
        u1_0.id,
        u1_0.is_deleted,
        u1_0.email,
        u1_0.last_login,
        u1_0.name,
        u1_0.password,
        u1_0.refresh_token,
        u1_0.role_id 
    from
        users u1_0 
    where
        upper(u1_0.email)=upper(?)
2026-04-04 11:30:44.796 | DEBUG | [http-nio-0.0.0.0-8082-exec-3] | org.hibernate.SQL.logStatement | 
    select
        r1_0.id,
        r1_0.role_name 
    from
        roles r1_0 
    where
        r1_0.id=?
2026-04-04 11:31:16.135 | DEBUG | [http-nio-0.0.0.0-8082-exec-7] | org.hibernate.SQL.logStatement | 
    select
        u1_0.id,
        u1_0.is_deleted,
        u1_0.email,
        u1_0.last_login,
        u1_0.name,
        u1_0.password,
        u1_0.refresh_token,
        u1_0.role_id 
    from
        users u1_0 
    where
        upper(u1_0.email)=upper(?)
2026-04-04 11:31:16.137 | DEBUG | [http-nio-0.0.0.0-8082-exec-7] | org.hibernate.SQL.logStatement | 
    select
        r1_0.id,
        r1_0.role_name 
    from
        roles r1_0 
    where
        r1_0.id=?
2026-04-04 11:31:45.016 | DEBUG | [http-nio-0.0.0.0-8082-exec-9] | org.hibernate.SQL.logStatement | 
    select
        u1_0.id,
        u1_0.is_deleted,
        u1_0.email,
        u1_0.last_login,
        u1_0.name,
        u1_0.password,
        u1_0.refresh_token,
        u1_0.role_id 
    from
        users u1_0 
    where
        upper(u1_0.email)=upper(?)
2026-04-04 11:31:45.018 | DEBUG | [http-nio-0.0.0.0-8082-exec-9] | org.hibernate.SQL.logStatement | 
    select
        r1_0.id,
        r1_0.role_name 
    from
        roles r1_0 
    where
        r1_0.id=?
2026-04-04 11:31:45.100 | DEBUG | [http-nio-0.0.0.0-8082-exec-9] | org.hibernate.SQL.logStatement | 
    select
        u1_0.id,
        u1_0.is_deleted,
        u1_0.email,
        u1_0.last_login,
        u1_0.name,
        u1_0.password,
        u1_0.refresh_token,
        u1_0.role_id 
    from
        users u1_0 
    where
        upper(u1_0.email)=upper(?)
2026-04-04 11:31:45.176 | DEBUG | [http-nio-0.0.0.0-8082-exec-9] | org.hibernate.SQL.logStatement | 
    update
        users 
    set
        is_deleted=?,
        email=?,
        last_login=?,
        name=?,
        password=?,
        refresh_token=?,
        role_id=? 
    where
        id=?
2026-04-04 11:31:45.187 | INFO  | [http-nio-0.0.0.0-8082-exec-9] | c.e.b.controller.auth.AuthController.login | Login successful for email: inam@gmail.com
2026-04-04 11:32:11.859 | DEBUG | [http-nio-0.0.0.0-8082-exec-2] | org.hibernate.SQL.logStatement | 
    select
        u1_0.id,
        u1_0.is_deleted,
        u1_0.email,
        u1_0.last_login,
        u1_0.name,
        u1_0.password,
        u1_0.refresh_token,
        u1_0.role_id 
    from
        users u1_0 
    where
        upper(u1_0.email)=upper(?)
2026-04-04 11:32:11.861 | DEBUG | [http-nio-0.0.0.0-8082-exec-2] | org.hibernate.SQL.logStatement | 
    select
        r1_0.id,
        r1_0.role_name 
    from
        roles r1_0 
    where
        r1_0.id=?
2026-04-04 11:32:11.940 | DEBUG | [http-nio-0.0.0.0-8082-exec-2] | org.hibernate.SQL.logStatement | 
    select
        u1_0.id,
        u1_0.is_deleted,
        u1_0.email,
        u1_0.last_login,
        u1_0.name,
        u1_0.password,
        u1_0.refresh_token,
        u1_0.role_id 
    from
        users u1_0 
    where
        upper(u1_0.email)=upper(?)
2026-04-04 11:32:11.944 | DEBUG | [http-nio-0.0.0.0-8082-exec-2] | org.hibernate.SQL.logStatement | 
    update
        users 
    set
        is_deleted=?,
        email=?,
        last_login=?,
        name=?,
        password=?,
        refresh_token=?,
        role_id=? 
    where
        id=?
2026-04-04 11:32:11.946 | INFO  | [http-nio-0.0.0.0-8082-exec-2] | c.e.b.controller.auth.AuthController.login | Login successful for email: inam@gmail.com
2026-04-04 11:32:23.362 | DEBUG | [http-nio-0.0.0.0-8082-exec-4] | org.hibernate.SQL.logStatement | 
    select
        u1_0.id,
        u1_0.is_deleted,
        u1_0.email,
        u1_0.last_login,
        u1_0.name,
        u1_0.password,
        u1_0.refresh_token,
        u1_0.role_id 
    from
        users u1_0 
    where
        upper(u1_0.email)=upper(?)
2026-04-04 11:32:23.364 | DEBUG | [http-nio-0.0.0.0-8082-exec-4] | org.hibernate.SQL.logStatement | 
    select
        r1_0.id,
        r1_0.role_name 
    from
        roles r1_0 
    where
        r1_0.id=?
2026-04-04 11:32:23.443 | DEBUG | [http-nio-0.0.0.0-8082-exec-4] | org.hibernate.SQL.logStatement | 
    select
        u1_0.id,
        u1_0.is_deleted,
        u1_0.email,
        u1_0.last_login,
        u1_0.name,
        u1_0.password,
        u1_0.refresh_token,
        u1_0.role_id 
    from
        users u1_0 
    where
        upper(u1_0.email)=upper(?)
2026-04-04 11:32:23.448 | DEBUG | [http-nio-0.0.0.0-8082-exec-4] | org.hibernate.SQL.logStatement | 
    update
        users 
    set
        is_deleted=?,
        email=?,
        last_login=?,
        name=?,
        password=?,
        refresh_token=?,
        role_id=? 
    where
        id=?
2026-04-04 11:32:23.450 | INFO  | [http-nio-0.0.0.0-8082-exec-4] | c.e.b.controller.auth.AuthController.login | Login successful for email: inamm@gmail.com
2026-04-04 11:32:34.382 | INFO  | [http-nio-0.0.0.0-8082-exec-8] | c.e.b.c.contact.ContactController.listContacts | email inamm@gmail.com
2026-04-04 11:32:34.426 | DEBUG | [http-nio-0.0.0.0-8082-exec-8] | org.hibernate.SQL.logStatement | 
    select
        c1_0.id,
        c1_0.first_name,
        c1_0.last_name,
        c1_0.title,
        c1_0.user_id 
    from
        contacts c1_0 
    join
        users u1_0 
            on u1_0.id=c1_0.user_id 
    where
        u1_0.email=? 
        and (
            ? is null 
            or ?='' 
            or lower(c1_0.first_name) like lower((?||'%')) escape ''
        ) 
    order by
        c1_0.first_name 
    fetch
        first ? rows only
2026-04-04 11:32:34.450 | DEBUG | [http-nio-0.0.0.0-8082-exec-8] | org.hibernate.SQL.logStatement | 
    select
        count(c1_0.id) 
    from
        contacts c1_0 
    join
        users u1_0 
            on u1_0.id=c1_0.user_id 
    where
        u1_0.email=? 
        and (
            ? is null 
            or ?='' 
            or lower(c1_0.first_name) like lower((?||'%')) escape ''
        )
2026-04-04 11:32:34.455 | DEBUG | [http-nio-0.0.0.0-8082-exec-8] | org.hibernate.SQL.logStatement | 
    select
        e1_0.contact_id,
        e1_0.id,
        e1_0.email_address,
        e1_0.label 
    from
        contact_emails e1_0 
    where
        e1_0.contact_id=?
2026-04-04 11:32:34.463 | DEBUG | [http-nio-0.0.0.0-8082-exec-8] | org.hibernate.SQL.logStatement | 
    select
        p1_0.contact_id,
        p1_0.id,
        p1_0.label,
        p1_0.phone_number 
    from
        contact_phones p1_0 
    where
        p1_0.contact_id=?
2026-04-04 11:32:34.467 | DEBUG | [http-nio-0.0.0.0-8082-exec-8] | org.hibernate.SQL.logStatement | 
    select
        e1_0.contact_id,
        e1_0.id,
        e1_0.email_address,
        e1_0.label 
    from
        contact_emails e1_0 
    where
        e1_0.contact_id=?
2026-04-04 11:32:34.469 | DEBUG | [http-nio-0.0.0.0-8082-exec-8] | org.hibernate.SQL.logStatement | 
    select
        p1_0.contact_id,
        p1_0.id,
        p1_0.label,
        p1_0.phone_number 
    from
        contact_phones p1_0 
    where
        p1_0.contact_id=?
2026-04-04 11:32:34.470 | DEBUG | [http-nio-0.0.0.0-8082-exec-8] | org.hibernate.SQL.logStatement | 
    select
        e1_0.contact_id,
        e1_0.id,
        e1_0.email_address,
        e1_0.label 
    from
        contact_emails e1_0 
    where
        e1_0.contact_id=?
2026-04-04 11:32:34.471 | DEBUG | [http-nio-0.0.0.0-8082-exec-8] | org.hibernate.SQL.logStatement | 
    select
        p1_0.contact_id,
        p1_0.id,
        p1_0.label,
        p1_0.phone_number 
    from
        contact_phones p1_0 
    where
        p1_0.contact_id=?
2026-04-04 11:32:34.473 | DEBUG | [http-nio-0.0.0.0-8082-exec-8] | org.hibernate.SQL.logStatement | 
    select
        e1_0.contact_id,
        e1_0.id,
        e1_0.email_address,
        e1_0.label 
    from
        contact_emails e1_0 
    where
        e1_0.contact_id=?
2026-04-04 11:32:34.474 | DEBUG | [http-nio-0.0.0.0-8082-exec-8] | org.hibernate.SQL.logStatement | 
    select
        p1_0.contact_id,
        p1_0.id,
        p1_0.label,
        p1_0.phone_number 
    from
        contact_phones p1_0 
    where
        p1_0.contact_id=?
2026-04-04 11:32:34.476 | DEBUG | [http-nio-0.0.0.0-8082-exec-8] | org.hibernate.SQL.logStatement | 
    select
        e1_0.contact_id,
        e1_0.id,
        e1_0.email_address,
        e1_0.label 
    from
        contact_emails e1_0 
    where
        e1_0.contact_id=?
2026-04-04 11:32:34.477 | DEBUG | [http-nio-0.0.0.0-8082-exec-8] | org.hibernate.SQL.logStatement | 
    select
        p1_0.contact_id,
        p1_0.id,
        p1_0.label,
        p1_0.phone_number 
    from
        contact_phones p1_0 
    where
        p1_0.contact_id=?
2026-04-04 11:32:34.479 | DEBUG | [http-nio-0.0.0.0-8082-exec-8] | org.hibernate.SQL.logStatement | 
    select
        e1_0.contact_id,
        e1_0.id,
        e1_0.email_address,
        e1_0.label 
    from
        contact_emails e1_0 
    where
        e1_0.contact_id=?
2026-04-04 11:32:34.480 | DEBUG | [http-nio-0.0.0.0-8082-exec-8] | org.hibernate.SQL.logStatement | 
    select
        p1_0.contact_id,
        p1_0.id,
        p1_0.label,
        p1_0.phone_number 
    from
        contact_phones p1_0 
    where
        p1_0.contact_id=?
2026-04-04 11:32:34.482 | DEBUG | [http-nio-0.0.0.0-8082-exec-8] | org.hibernate.SQL.logStatement | 
    select
        e1_0.contact_id,
        e1_0.id,
        e1_0.email_address,
        e1_0.label 
    from
        contact_emails e1_0 
    where
        e1_0.contact_id=?
2026-04-04 11:32:34.484 | DEBUG | [http-nio-0.0.0.0-8082-exec-8] | org.hibernate.SQL.logStatement | 
    select
        p1_0.contact_id,
        p1_0.id,
        p1_0.label,
        p1_0.phone_number 
    from
        contact_phones p1_0 
    where
        p1_0.contact_id=?
2026-04-04 11:32:34.486 | DEBUG | [http-nio-0.0.0.0-8082-exec-8] | org.hibernate.SQL.logStatement | 
    select
        e1_0.contact_id,
        e1_0.id,
        e1_0.email_address,
        e1_0.label 
    from
        contact_emails e1_0 
    where
        e1_0.contact_id=?
2026-04-04 11:32:34.487 | DEBUG | [http-nio-0.0.0.0-8082-exec-8] | org.hibernate.SQL.logStatement | 
    select
        p1_0.contact_id,
        p1_0.id,
        p1_0.label,
        p1_0.phone_number 
    from
        contact_phones p1_0 
    where
        p1_0.contact_id=?
2026-04-04 11:32:34.489 | DEBUG | [http-nio-0.0.0.0-8082-exec-8] | org.hibernate.SQL.logStatement | 
    select
        e1_0.contact_id,
        e1_0.id,
        e1_0.email_address,
        e1_0.label 
    from
        contact_emails e1_0 
    where
        e1_0.contact_id=?
2026-04-04 11:32:34.490 | DEBUG | [http-nio-0.0.0.0-8082-exec-8] | org.hibernate.SQL.logStatement | 
    select
        p1_0.contact_id,
        p1_0.id,
        p1_0.label,
        p1_0.phone_number 
    from
        contact_phones p1_0 
    where
        p1_0.contact_id=?
2026-04-04 11:32:34.492 | DEBUG | [http-nio-0.0.0.0-8082-exec-8] | org.hibernate.SQL.logStatement | 
    select
        e1_0.contact_id,
        e1_0.id,
        e1_0.email_address,
        e1_0.label 
    from
        contact_emails e1_0 
    where
        e1_0.contact_id=?
2026-04-04 11:32:34.493 | DEBUG | [http-nio-0.0.0.0-8082-exec-8] | org.hibernate.SQL.logStatement | 
    select
        p1_0.contact_id,
        p1_0.id,
        p1_0.label,
        p1_0.phone_number 
    from
        contact_phones p1_0 
    where
        p1_0.contact_id=?
2026-04-04 11:32:34.494 | INFO  | [http-nio-0.0.0.0-8082-exec-8] | c.e.b.c.contact.ContactController.listContacts | contacts Page 1 of 2 containing com.example.backend.dto.contact.ContactResponseDto instances
2026-04-04 11:32:34.538 | INFO  | [http-nio-0.0.0.0-8082-exec-9] | c.e.b.c.contact.ContactController.listContacts | email inamm@gmail.com
2026-04-04 11:32:34.543 | DEBUG | [http-nio-0.0.0.0-8082-exec-9] | org.hibernate.SQL.logStatement | 
    select
        c1_0.id,
        c1_0.first_name,
        c1_0.last_name,
        c1_0.title,
        c1_0.user_id 
    from
        contacts c1_0 
    join
        users u1_0 
            on u1_0.id=c1_0.user_id 
    where
        u1_0.email=? 
        and (
            ? is null 
            or ?='' 
            or lower(c1_0.first_name) like lower((?||'%')) escape ''
        ) 
    order by
        c1_0.first_name 
    fetch
        first ? rows only
2026-04-04 11:32:34.557 | DEBUG | [http-nio-0.0.0.0-8082-exec-9] | org.hibernate.SQL.logStatement | 
    select
        count(c1_0.id) 
    from
        contacts c1_0 
    join
        users u1_0 
            on u1_0.id=c1_0.user_id 
    where
        u1_0.email=? 
        and (
            ? is null 
            or ?='' 
            or lower(c1_0.first_name) like lower((?||'%')) escape ''
        )
2026-04-04 11:32:34.562 | DEBUG | [http-nio-0.0.0.0-8082-exec-9] | org.hibernate.SQL.logStatement | 
    select
        e1_0.contact_id,
        e1_0.id,
        e1_0.email_address,
        e1_0.label 
    from
        contact_emails e1_0 
    where
        e1_0.contact_id=?
2026-04-04 11:32:34.563 | DEBUG | [http-nio-0.0.0.0-8082-exec-9] | org.hibernate.SQL.logStatement | 
    select
        p1_0.contact_id,
        p1_0.id,
        p1_0.label,
        p1_0.phone_number 
    from
        contact_phones p1_0 
    where
        p1_0.contact_id=?
2026-04-04 11:32:34.564 | DEBUG | [http-nio-0.0.0.0-8082-exec-9] | org.hibernate.SQL.logStatement | 
    select
        e1_0.contact_id,
        e1_0.id,
        e1_0.email_address,
        e1_0.label 
    from
        contact_emails e1_0 
    where
        e1_0.contact_id=?
2026-04-04 11:32:34.566 | DEBUG | [http-nio-0.0.0.0-8082-exec-9] | org.hibernate.SQL.logStatement | 
    select
        p1_0.contact_id,
        p1_0.id,
        p1_0.label,
        p1_0.phone_number 
    from
        contact_phones p1_0 
    where
        p1_0.contact_id=?
2026-04-04 11:32:34.567 | DEBUG | [http-nio-0.0.0.0-8082-exec-9] | org.hibernate.SQL.logStatement | 
    select
        e1_0.contact_id,
        e1_0.id,
        e1_0.email_address,
        e1_0.label 
    from
        contact_emails e1_0 
    where
        e1_0.contact_id=?
2026-04-04 11:32:34.568 | DEBUG | [http-nio-0.0.0.0-8082-exec-9] | org.hibernate.SQL.logStatement | 
    select
        p1_0.contact_id,
        p1_0.id,
        p1_0.label,
        p1_0.phone_number 
    from
        contact_phones p1_0 
    where
        p1_0.contact_id=?
2026-04-04 11:32:34.570 | DEBUG | [http-nio-0.0.0.0-8082-exec-9] | org.hibernate.SQL.logStatement | 
    select
        e1_0.contact_id,
        e1_0.id,
        e1_0.email_address,
        e1_0.label 
    from
        contact_emails e1_0 
    where
        e1_0.contact_id=?
2026-04-04 11:32:34.571 | DEBUG | [http-nio-0.0.0.0-8082-exec-9] | org.hibernate.SQL.logStatement | 
    select
        p1_0.contact_id,
        p1_0.id,
        p1_0.label,
        p1_0.phone_number 
    from
        contact_phones p1_0 
    where
        p1_0.contact_id=?
2026-04-04 11:32:34.573 | DEBUG | [http-nio-0.0.0.0-8082-exec-9] | org.hibernate.SQL.logStatement | 
    select
        e1_0.contact_id,
        e1_0.id,
        e1_0.email_address,
        e1_0.label 
    from
        contact_emails e1_0 
    where
        e1_0.contact_id=?
2026-04-04 11:32:34.574 | DEBUG | [http-nio-0.0.0.0-8082-exec-9] | org.hibernate.SQL.logStatement | 
    select
        p1_0.contact_id,
        p1_0.id,
        p1_0.label,
        p1_0.phone_number 
    from
        contact_phones p1_0 
    where
        p1_0.contact_id=?
2026-04-04 11:32:34.575 | DEBUG | [http-nio-0.0.0.0-8082-exec-9] | org.hibernate.SQL.logStatement | 
    select
        e1_0.contact_id,
        e1_0.id,
        e1_0.email_address,
        e1_0.label 
    from
        contact_emails e1_0 
    where
        e1_0.contact_id=?
2026-04-04 11:32:34.577 | DEBUG | [http-nio-0.0.0.0-8082-exec-9] | org.hibernate.SQL.logStatement | 
    select
        p1_0.contact_id,
        p1_0.id,
        p1_0.label,
        p1_0.phone_number 
    from
        contact_phones p1_0 
    where
        p1_0.contact_id=?
2026-04-04 11:32:34.578 | DEBUG | [http-nio-0.0.0.0-8082-exec-9] | org.hibernate.SQL.logStatement | 
    select
        e1_0.contact_id,
        e1_0.id,
        e1_0.email_address,
        e1_0.label 
    from
        contact_emails e1_0 
    where
        e1_0.contact_id=?
2026-04-04 11:32:34.579 | DEBUG | [http-nio-0.0.0.0-8082-exec-9] | org.hibernate.SQL.logStatement | 
    select
        p1_0.contact_id,
        p1_0.id,
        p1_0.label,
        p1_0.phone_number 
    from
        contact_phones p1_0 
    where
        p1_0.contact_id=?
2026-04-04 11:32:34.580 | DEBUG | [http-nio-0.0.0.0-8082-exec-9] | org.hibernate.SQL.logStatement | 
    select
        e1_0.contact_id,
        e1_0.id,
        e1_0.email_address,
        e1_0.label 
    from
        contact_emails e1_0 
    where
        e1_0.contact_id=?
2026-04-04 11:32:34.581 | DEBUG | [http-nio-0.0.0.0-8082-exec-9] | org.hibernate.SQL.logStatement | 
    select
        p1_0.contact_id,
        p1_0.id,
        p1_0.label,
        p1_0.phone_number 
    from
        contact_phones p1_0 
    where
        p1_0.contact_id=?
2026-04-04 11:32:34.583 | DEBUG | [http-nio-0.0.0.0-8082-exec-9] | org.hibernate.SQL.logStatement | 
    select
        e1_0.contact_id,
        e1_0.id,
        e1_0.email_address,
        e1_0.label 
    from
        contact_emails e1_0 
    where
        e1_0.contact_id=?
2026-04-04 11:32:34.584 | DEBUG | [http-nio-0.0.0.0-8082-exec-9] | org.hibernate.SQL.logStatement | 
    select
        p1_0.contact_id,
        p1_0.id,
        p1_0.label,
        p1_0.phone_number 
    from
        contact_phones p1_0 
    where
        p1_0.contact_id=?
2026-04-04 11:32:34.585 | DEBUG | [http-nio-0.0.0.0-8082-exec-9] | org.hibernate.SQL.logStatement | 
    select
        e1_0.contact_id,
        e1_0.id,
        e1_0.email_address,
        e1_0.label 
    from
        contact_emails e1_0 
    where
        e1_0.contact_id=?
2026-04-04 11:32:34.586 | DEBUG | [http-nio-0.0.0.0-8082-exec-9] | org.hibernate.SQL.logStatement | 
    select
        p1_0.contact_id,
        p1_0.id,
        p1_0.label,
        p1_0.phone_number 
    from
        contact_phones p1_0 
    where
        p1_0.contact_id=?
2026-04-04 11:32:34.587 | INFO  | [http-nio-0.0.0.0-8082-exec-9] | c.e.b.c.contact.ContactController.listContacts | contacts Page 1 of 2 containing com.example.backend.dto.contact.ContactResponseDto instances
2026-04-04 11:32:37.805 | INFO  | [http-nio-0.0.0.0-8082-exec-10] | c.e.b.c.contact.ContactController.listContacts | email inamm@gmail.com
2026-04-04 11:32:37.806 | DEBUG | [http-nio-0.0.0.0-8082-exec-10] | org.hibernate.SQL.logStatement | 
    select
        c1_0.id,
        c1_0.first_name,
        c1_0.last_name,
        c1_0.title,
        c1_0.user_id 
    from
        contacts c1_0 
    join
        users u1_0 
            on u1_0.id=c1_0.user_id 
    where
        u1_0.email=? 
        and (
            ? is null 
            or ?='' 
            or lower(c1_0.first_name) like lower((?||'%')) escape ''
        ) 
    order by
        c1_0.first_name 
    fetch
        first ? rows only
2026-04-04 11:32:37.810 | DEBUG | [http-nio-0.0.0.0-8082-exec-10] | org.hibernate.SQL.logStatement | 
    select
        count(c1_0.id) 
    from
        contacts c1_0 
    join
        users u1_0 
            on u1_0.id=c1_0.user_id 
    where
        u1_0.email=? 
        and (
            ? is null 
            or ?='' 
            or lower(c1_0.first_name) like lower((?||'%')) escape ''
        )
2026-04-04 11:32:37.812 | DEBUG | [http-nio-0.0.0.0-8082-exec-10] | org.hibernate.SQL.logStatement | 
    select
        e1_0.contact_id,
        e1_0.id,
        e1_0.email_address,
        e1_0.label 
    from
        contact_emails e1_0 
    where
        e1_0.contact_id=?
2026-04-04 11:32:37.813 | DEBUG | [http-nio-0.0.0.0-8082-exec-10] | org.hibernate.SQL.logStatement | 
    select
        p1_0.contact_id,
        p1_0.id,
        p1_0.label,
        p1_0.phone_number 
    from
        contact_phones p1_0 
    where
        p1_0.contact_id=?
2026-04-04 11:32:37.814 | DEBUG | [http-nio-0.0.0.0-8082-exec-10] | org.hibernate.SQL.logStatement | 
    select
        e1_0.contact_id,
        e1_0.id,
        e1_0.email_address,
        e1_0.label 
    from
        contact_emails e1_0 
    where
        e1_0.contact_id=?
2026-04-04 11:32:37.815 | DEBUG | [http-nio-0.0.0.0-8082-exec-10] | org.hibernate.SQL.logStatement | 
    select
        p1_0.contact_id,
        p1_0.id,
        p1_0.label,
        p1_0.phone_number 
    from
        contact_phones p1_0 
    where
        p1_0.contact_id=?
2026-04-04 11:32:37.816 | DEBUG | [http-nio-0.0.0.0-8082-exec-10] | org.hibernate.SQL.logStatement | 
    select
        e1_0.contact_id,
        e1_0.id,
        e1_0.email_address,
        e1_0.label 
    from
        contact_emails e1_0 
    where
        e1_0.contact_id=?
2026-04-04 11:32:37.818 | DEBUG | [http-nio-0.0.0.0-8082-exec-10] | org.hibernate.SQL.logStatement | 
    select
        p1_0.contact_id,
        p1_0.id,
        p1_0.label,
        p1_0.phone_number 
    from
        contact_phones p1_0 
    where
        p1_0.contact_id=?
2026-04-04 11:32:37.819 | DEBUG | [http-nio-0.0.0.0-8082-exec-10] | org.hibernate.SQL.logStatement | 
    select
        e1_0.contact_id,
        e1_0.id,
        e1_0.email_address,
        e1_0.label 
    from
        contact_emails e1_0 
    where
        e1_0.contact_id=?
2026-04-04 11:32:37.821 | DEBUG | [http-nio-0.0.0.0-8082-exec-10] | org.hibernate.SQL.logStatement | 
    select
        p1_0.contact_id,
        p1_0.id,
        p1_0.label,
        p1_0.phone_number 
    from
        contact_phones p1_0 
    where
        p1_0.contact_id=?
2026-04-04 11:32:37.822 | DEBUG | [http-nio-0.0.0.0-8082-exec-10] | org.hibernate.SQL.logStatement | 
    select
        e1_0.contact_id,
        e1_0.id,
        e1_0.email_address,
        e1_0.label 
    from
        contact_emails e1_0 
    where
        e1_0.contact_id=?
2026-04-04 11:32:37.823 | DEBUG | [http-nio-0.0.0.0-8082-exec-10] | org.hibernate.SQL.logStatement | 
    select
        p1_0.contact_id,
        p1_0.id,
        p1_0.label,
        p1_0.phone_number 
    from
        contact_phones p1_0 
    where
        p1_0.contact_id=?
2026-04-04 11:32:37.824 | DEBUG | [http-nio-0.0.0.0-8082-exec-10] | org.hibernate.SQL.logStatement | 
    select
        e1_0.contact_id,
        e1_0.id,
        e1_0.email_address,
        e1_0.label 
    from
        contact_emails e1_0 
    where
        e1_0.contact_id=?
2026-04-04 11:32:37.825 | DEBUG | [http-nio-0.0.0.0-8082-exec-10] | org.hibernate.SQL.logStatement | 
    select
        p1_0.contact_id,
        p1_0.id,
        p1_0.label,
        p1_0.phone_number 
    from
        contact_phones p1_0 
    where
        p1_0.contact_id=?
2026-04-04 11:32:37.827 | DEBUG | [http-nio-0.0.0.0-8082-exec-10] | org.hibernate.SQL.logStatement | 
    select
        e1_0.contact_id,
        e1_0.id,
        e1_0.email_address,
        e1_0.label 
    from
        contact_emails e1_0 
    where
        e1_0.contact_id=?
2026-04-04 11:32:37.828 | DEBUG | [http-nio-0.0.0.0-8082-exec-10] | org.hibernate.SQL.logStatement | 
    select
        p1_0.contact_id,
        p1_0.id,
        p1_0.label,
        p1_0.phone_number 
    from
        contact_phones p1_0 
    where
        p1_0.contact_id=?
2026-04-04 11:32:37.829 | DEBUG | [http-nio-0.0.0.0-8082-exec-10] | org.hibernate.SQL.logStatement | 
    select
        e1_0.contact_id,
        e1_0.id,
        e1_0.email_address,
        e1_0.label 
    from
        contact_emails e1_0 
    where
        e1_0.contact_id=?
2026-04-04 11:32:37.830 | DEBUG | [http-nio-0.0.0.0-8082-exec-10] | org.hibernate.SQL.logStatement | 
    select
        p1_0.contact_id,
        p1_0.id,
        p1_0.label,
        p1_0.phone_number 
    from
        contact_phones p1_0 
    where
        p1_0.contact_id=?
2026-04-04 11:32:37.831 | DEBUG | [http-nio-0.0.0.0-8082-exec-10] | org.hibernate.SQL.logStatement | 
    select
        e1_0.contact_id,
        e1_0.id,
        e1_0.email_address,
        e1_0.label 
    from
        contact_emails e1_0 
    where
        e1_0.contact_id=?
2026-04-04 11:32:37.832 | DEBUG | [http-nio-0.0.0.0-8082-exec-10] | org.hibernate.SQL.logStatement | 
    select
        p1_0.contact_id,
        p1_0.id,
        p1_0.label,
        p1_0.phone_number 
    from
        contact_phones p1_0 
    where
        p1_0.contact_id=?
2026-04-04 11:32:37.834 | DEBUG | [http-nio-0.0.0.0-8082-exec-10] | org.hibernate.SQL.logStatement | 
    select
        e1_0.contact_id,
        e1_0.id,
        e1_0.email_address,
        e1_0.label 
    from
        contact_emails e1_0 
    where
        e1_0.contact_id=?
2026-04-04 11:32:37.835 | DEBUG | [http-nio-0.0.0.0-8082-exec-10] | org.hibernate.SQL.logStatement | 
    select
        p1_0.contact_id,
        p1_0.id,
        p1_0.label,
        p1_0.phone_number 
    from
        contact_phones p1_0 
    where
        p1_0.contact_id=?
2026-04-04 11:32:37.836 | INFO  | [http-nio-0.0.0.0-8082-exec-10] | c.e.b.c.contact.ContactController.listContacts | contacts Page 1 of 2 containing com.example.backend.dto.contact.ContactResponseDto instances
2026-04-04 11:32:37.850 | INFO  | [http-nio-0.0.0.0-8082-exec-1] | c.e.b.c.contact.ContactController.listContacts | email inamm@gmail.com
2026-04-04 11:32:37.851 | DEBUG | [http-nio-0.0.0.0-8082-exec-1] | org.hibernate.SQL.logStatement | 
    select
        c1_0.id,
        c1_0.first_name,
        c1_0.last_name,
        c1_0.title,
        c1_0.user_id 
    from
        contacts c1_0 
    join
        users u1_0 
            on u1_0.id=c1_0.user_id 
    where
        u1_0.email=? 
        and (
            ? is null 
            or ?='' 
            or lower(c1_0.first_name) like lower((?||'%')) escape ''
        ) 
    order by
        c1_0.first_name 
    fetch
        first ? rows only
2026-04-04 11:32:37.855 | DEBUG | [http-nio-0.0.0.0-8082-exec-1] | org.hibernate.SQL.logStatement | 
    select
        count(c1_0.id) 
    from
        contacts c1_0 
    join
        users u1_0 
            on u1_0.id=c1_0.user_id 
    where
        u1_0.email=? 
        and (
            ? is null 
            or ?='' 
            or lower(c1_0.first_name) like lower((?||'%')) escape ''
        )
2026-04-04 11:32:37.857 | DEBUG | [http-nio-0.0.0.0-8082-exec-1] | org.hibernate.SQL.logStatement | 
    select
        e1_0.contact_id,
        e1_0.id,
        e1_0.email_address,
        e1_0.label 
    from
        contact_emails e1_0 
    where
        e1_0.contact_id=?
2026-04-04 11:32:37.858 | DEBUG | [http-nio-0.0.0.0-8082-exec-1] | org.hibernate.SQL.logStatement | 
    select
        p1_0.contact_id,
        p1_0.id,
        p1_0.label,
        p1_0.phone_number 
    from
        contact_phones p1_0 
    where
        p1_0.contact_id=?
2026-04-04 11:32:37.860 | DEBUG | [http-nio-0.0.0.0-8082-exec-1] | org.hibernate.SQL.logStatement | 
    select
        e1_0.contact_id,
        e1_0.id,
        e1_0.email_address,
        e1_0.label 
    from
        contact_emails e1_0 
    where
        e1_0.contact_id=?
2026-04-04 11:32:37.861 | DEBUG | [http-nio-0.0.0.0-8082-exec-1] | org.hibernate.SQL.logStatement | 
    select
        p1_0.contact_id,
        p1_0.id,
        p1_0.label,
        p1_0.phone_number 
    from
        contact_phones p1_0 
    where
        p1_0.contact_id=?
2026-04-04 11:32:37.862 | DEBUG | [http-nio-0.0.0.0-8082-exec-1] | org.hibernate.SQL.logStatement | 
    select
        e1_0.contact_id,
        e1_0.id,
        e1_0.email_address,
        e1_0.label 
    from
        contact_emails e1_0 
    where
        e1_0.contact_id=?
2026-04-04 11:32:37.863 | DEBUG | [http-nio-0.0.0.0-8082-exec-1] | org.hibernate.SQL.logStatement | 
    select
        p1_0.contact_id,
        p1_0.id,
        p1_0.label,
        p1_0.phone_number 
    from
        contact_phones p1_0 
    where
        p1_0.contact_id=?
2026-04-04 11:32:37.864 | DEBUG | [http-nio-0.0.0.0-8082-exec-1] | org.hibernate.SQL.logStatement | 
    select
        e1_0.contact_id,
        e1_0.id,
        e1_0.email_address,
        e1_0.label 
    from
        contact_emails e1_0 
    where
        e1_0.contact_id=?
2026-04-04 11:32:37.865 | DEBUG | [http-nio-0.0.0.0-8082-exec-1] | org.hibernate.SQL.logStatement | 
    select
        p1_0.contact_id,
        p1_0.id,
        p1_0.label,
        p1_0.phone_number 
    from
        contact_phones p1_0 
    where
        p1_0.contact_id=?
2026-04-04 11:32:37.866 | DEBUG | [http-nio-0.0.0.0-8082-exec-1] | org.hibernate.SQL.logStatement | 
    select
        e1_0.contact_id,
        e1_0.id,
        e1_0.email_address,
        e1_0.label 
    from
        contact_emails e1_0 
    where
        e1_0.contact_id=?
2026-04-04 11:32:37.867 | DEBUG | [http-nio-0.0.0.0-8082-exec-1] | org.hibernate.SQL.logStatement | 
    select
        p1_0.contact_id,
        p1_0.id,
        p1_0.label,
        p1_0.phone_number 
    from
        contact_phones p1_0 
    where
        p1_0.contact_id=?
2026-04-04 11:32:37.868 | DEBUG | [http-nio-0.0.0.0-8082-exec-1] | org.hibernate.SQL.logStatement | 
    select
        e1_0.contact_id,
        e1_0.id,
        e1_0.email_address,
        e1_0.label 
    from
        contact_emails e1_0 
    where
        e1_0.contact_id=?
2026-04-04 11:32:37.869 | DEBUG | [http-nio-0.0.0.0-8082-exec-1] | org.hibernate.SQL.logStatement | 
    select
        p1_0.contact_id,
        p1_0.id,
        p1_0.label,
        p1_0.phone_number 
    from
        contact_phones p1_0 
    where
        p1_0.contact_id=?
2026-04-04 11:32:37.870 | DEBUG | [http-nio-0.0.0.0-8082-exec-1] | org.hibernate.SQL.logStatement | 
    select
        e1_0.contact_id,
        e1_0.id,
        e1_0.email_address,
        e1_0.label 
    from
        contact_emails e1_0 
    where
        e1_0.contact_id=?
2026-04-04 11:32:37.871 | DEBUG | [http-nio-0.0.0.0-8082-exec-1] | org.hibernate.SQL.logStatement | 
    select
        p1_0.contact_id,
        p1_0.id,
        p1_0.label,
        p1_0.phone_number 
    from
        contact_phones p1_0 
    where
        p1_0.contact_id=?
2026-04-04 11:32:37.872 | DEBUG | [http-nio-0.0.0.0-8082-exec-1] | org.hibernate.SQL.logStatement | 
    select
        e1_0.contact_id,
        e1_0.id,
        e1_0.email_address,
        e1_0.label 
    from
        contact_emails e1_0 
    where
        e1_0.contact_id=?
2026-04-04 11:32:37.873 | DEBUG | [http-nio-0.0.0.0-8082-exec-1] | org.hibernate.SQL.logStatement | 
    select
        p1_0.contact_id,
        p1_0.id,
        p1_0.label,
        p1_0.phone_number 
    from
        contact_phones p1_0 
    where
        p1_0.contact_id=?
2026-04-04 11:32:37.873 | DEBUG | [http-nio-0.0.0.0-8082-exec-1] | org.hibernate.SQL.logStatement | 
    select
        e1_0.contact_id,
        e1_0.id,
        e1_0.email_address,
        e1_0.label 
    from
        contact_emails e1_0 
    where
        e1_0.contact_id=?
2026-04-04 11:32:37.874 | DEBUG | [http-nio-0.0.0.0-8082-exec-1] | org.hibernate.SQL.logStatement | 
    select
        p1_0.contact_id,
        p1_0.id,
        p1_0.label,
        p1_0.phone_number 
    from
        contact_phones p1_0 
    where
        p1_0.contact_id=?
2026-04-04 11:32:37.876 | DEBUG | [http-nio-0.0.0.0-8082-exec-1] | org.hibernate.SQL.logStatement | 
    select
        e1_0.contact_id,
        e1_0.id,
        e1_0.email_address,
        e1_0.label 
    from
        contact_emails e1_0 
    where
        e1_0.contact_id=?
2026-04-04 11:32:37.877 | DEBUG | [http-nio-0.0.0.0-8082-exec-1] | org.hibernate.SQL.logStatement | 
    select
        p1_0.contact_id,
        p1_0.id,
        p1_0.label,
        p1_0.phone_number 
    from
        contact_phones p1_0 
    where
        p1_0.contact_id=?
2026-04-04 11:32:37.878 | INFO  | [http-nio-0.0.0.0-8082-exec-1] | c.e.b.c.contact.ContactController.listContacts | contacts Page 1 of 2 containing com.example.backend.dto.contact.ContactResponseDto instances
2026-04-04 11:32:41.403 | INFO  | [http-nio-0.0.0.0-8082-exec-3] | c.e.b.c.contact.ContactController.listContacts | email inamm@gmail.com
2026-04-04 11:32:41.405 | DEBUG | [http-nio-0.0.0.0-8082-exec-3] | org.hibernate.SQL.logStatement | 
    select
        c1_0.id,
        c1_0.first_name,
        c1_0.last_name,
        c1_0.title,
        c1_0.user_id 
    from
        contacts c1_0 
    join
        users u1_0 
            on u1_0.id=c1_0.user_id 
    where
        u1_0.email=? 
        and (
            ? is null 
            or ?='' 
            or lower(c1_0.first_name) like lower((?||'%')) escape ''
        ) 
    order by
        c1_0.first_name 
    offset
        ? rows 
    fetch
        first ? rows only
2026-04-04 11:32:41.409 | DEBUG | [http-nio-0.0.0.0-8082-exec-3] | org.hibernate.SQL.logStatement | 
    select
        e1_0.contact_id,
        e1_0.id,
        e1_0.email_address,
        e1_0.label 
    from
        contact_emails e1_0 
    where
        e1_0.contact_id=?
2026-04-04 11:32:41.411 | DEBUG | [http-nio-0.0.0.0-8082-exec-3] | org.hibernate.SQL.logStatement | 
    select
        p1_0.contact_id,
        p1_0.id,
        p1_0.label,
        p1_0.phone_number 
    from
        contact_phones p1_0 
    where
        p1_0.contact_id=?
2026-04-04 11:32:41.412 | DEBUG | [http-nio-0.0.0.0-8082-exec-3] | org.hibernate.SQL.logStatement | 
    select
        e1_0.contact_id,
        e1_0.id,
        e1_0.email_address,
        e1_0.label 
    from
        contact_emails e1_0 
    where
        e1_0.contact_id=?
2026-04-04 11:32:41.413 | DEBUG | [http-nio-0.0.0.0-8082-exec-3] | org.hibernate.SQL.logStatement | 
    select
        p1_0.contact_id,
        p1_0.id,
        p1_0.label,
        p1_0.phone_number 
    from
        contact_phones p1_0 
    where
        p1_0.contact_id=?
2026-04-04 11:32:41.416 | DEBUG | [http-nio-0.0.0.0-8082-exec-3] | org.hibernate.SQL.logStatement | 
    select
        e1_0.contact_id,
        e1_0.id,
        e1_0.email_address,
        e1_0.label 
    from
        contact_emails e1_0 
    where
        e1_0.contact_id=?
2026-04-04 11:32:41.417 | DEBUG | [http-nio-0.0.0.0-8082-exec-3] | org.hibernate.SQL.logStatement | 
    select
        p1_0.contact_id,
        p1_0.id,
        p1_0.label,
        p1_0.phone_number 
    from
        contact_phones p1_0 
    where
        p1_0.contact_id=?
2026-04-04 11:32:41.418 | DEBUG | [http-nio-0.0.0.0-8082-exec-3] | org.hibernate.SQL.logStatement | 
    select
        e1_0.contact_id,
        e1_0.id,
        e1_0.email_address,
        e1_0.label 
    from
        contact_emails e1_0 
    where
        e1_0.contact_id=?
2026-04-04 11:32:41.419 | DEBUG | [http-nio-0.0.0.0-8082-exec-3] | org.hibernate.SQL.logStatement | 
    select
        p1_0.contact_id,
        p1_0.id,
        p1_0.label,
        p1_0.phone_number 
    from
        contact_phones p1_0 
    where
        p1_0.contact_id=?
2026-04-04 11:32:41.419 | DEBUG | [http-nio-0.0.0.0-8082-exec-3] | org.hibernate.SQL.logStatement | 
    select
        e1_0.contact_id,
        e1_0.id,
        e1_0.email_address,
        e1_0.label 
    from
        contact_emails e1_0 
    where
        e1_0.contact_id=?
2026-04-04 11:32:41.420 | DEBUG | [http-nio-0.0.0.0-8082-exec-3] | org.hibernate.SQL.logStatement | 
    select
        p1_0.contact_id,
        p1_0.id,
        p1_0.label,
        p1_0.phone_number 
    from
        contact_phones p1_0 
    where
        p1_0.contact_id=?
2026-04-04 11:32:41.421 | DEBUG | [http-nio-0.0.0.0-8082-exec-3] | org.hibernate.SQL.logStatement | 
    select
        e1_0.contact_id,
        e1_0.id,
        e1_0.email_address,
        e1_0.label 
    from
        contact_emails e1_0 
    where
        e1_0.contact_id=?
2026-04-04 11:32:41.422 | DEBUG | [http-nio-0.0.0.0-8082-exec-3] | org.hibernate.SQL.logStatement | 
    select
        p1_0.contact_id,
        p1_0.id,
        p1_0.label,
        p1_0.phone_number 
    from
        contact_phones p1_0 
    where
        p1_0.contact_id=?
2026-04-04 11:32:41.423 | INFO  | [http-nio-0.0.0.0-8082-exec-3] | c.e.b.c.contact.ContactController.listContacts | contacts Page 2 of 2 containing com.example.backend.dto.contact.ContactResponseDto instances
2026-04-04 13:13:58.344 | WARN  | [HikariPool-1:housekeeper] | com.zaxxer.hikari.pool.HikariPool.run | HikariPool-1 - Thread starvation or clock leap detected (housekeeper delta=4m54s48ms515µs600ns).
2026-04-04 14:12:59.422 | INFO  | [SpringApplicationShutdownHook] | o.s.b.w.e.tomcat.GracefulShutdown.shutDownGracefully | Commencing graceful shutdown. Waiting for active requests to complete
2026-04-04 14:12:59.892 | INFO  | [tomcat-shutdown] | o.s.b.w.e.tomcat.GracefulShutdown.doShutdown | Graceful shutdown complete
2026-04-04 14:12:59.915 | INFO  | [SpringApplicationShutdownHook] | o.s.o.j.LocalContainerEntityManagerFactoryBean.destroy | Closing JPA EntityManagerFactory for persistence unit 'default'
2026-04-04 14:12:59.941 | INFO  | [SpringApplicationShutdownHook] | com.zaxxer.hikari.HikariDataSource.close | HikariPool-1 - Shutdown initiated...
2026-04-04 14:12:59.951 | INFO  | [SpringApplicationShutdownHook] | com.zaxxer.hikari.HikariDataSource.close | HikariPool-1 - Shutdown completed.
